// Vitest Snapshot v1, https://vitest.dev/guide/snapshot.html

exports[`should create csp header with header name and presets 1`] = `"Content-Security-Policy: base-uri 'self'; child-src 'self'; script-src 'self' https://example.com https://static.hotjar.com https://script.hotjar.com 'unsafe-inline'; connect-src https://*.datadoghq.com https://browser-intake-datadoghq.com https://*.hotjar.com https://*.hotjar.io wss://*.hotjar.com; worker-src blob:; font-src https://script.hotjar.com; img-src https://static.hotjar.com https://script.hotjar.com https://survey-images.hotjar.com; style-src https://static.hotjar.com https://script.hotjar.com 'unsafe-inline'"`;

exports[`should create csp header with presets 1`] = `"base-uri 'self'; child-src 'self'; script-src 'self' https://example.com https://static.hotjar.com https://script.hotjar.com 'unsafe-inline'; connect-src https://*.datadoghq.com https://browser-intake-datadoghq.com https://*.hotjar.com https://*.hotjar.io wss://*.hotjar.com; worker-src blob:; font-src https://script.hotjar.com; img-src https://static.hotjar.com https://script.hotjar.com https://survey-images.hotjar.com; style-src https://static.hotjar.com https://script.hotjar.com 'unsafe-inline'"`;
